[dotenv@17.2.3] injecting env (4) from .env -- tip: ≡ƒ¢á∩╕Å  run anywhere with `dotenvx run -- yourcommand`
≡ƒöæ API Key Length: 39
≡ƒöæ API Key First 5: AIzaS
≡ƒöæ API Key Last 5: q-qlA
≡ƒñû Generating content...
node : Γ¥î Error: [GoogleGenerativeAI Error]: Error fetching from https://generativ
elanguage.googleapis.com/v1beta/models/gemini-1.5-flash:generateContent: [404 Not 
Found] models/gemini-1.5-flash is not found for API version v1beta, or is not 
supported for generateContent. Call ListModels to see the list of available models 
and their supported methods.
At line:1 char:1
+ node test-ai.js > test-output.txt 2>&1
+ ~~~~~~~~~~~~~~~~~~~~~~~~~~~~~~~~~~~~~~
    + CategoryInfo          : NotSpecified: (Γ¥î Error: [Goo...ported methods.:Str 
   ing) [], RemoteException
    + FullyQualifiedErrorId : NativeCommandError
 
